<html>
<body>
<pre>
<h1>µVision Build Log</h1>
<h2>Project:</h2>
N:\ECE_222\Lab_3_V176\Lab_3_V17\Lab3.uvproj
Project File Date:  03/10/2023

<h2>Output:</h2>
Build target 'LPC1768_RAM'
assembling Lab_3_program.s...
linking...
Lab3.sct(8): warning: L6314W: No section matches pattern *(InRoot$$Sections).
Program Size: Code=448 RO-data=204 RW-data=0 ZI-data=512  
"Lab3.axf" - 0 Error(s), 1 Warning(s).
Load "N:\\ECE_222\\Lab_3_V176\\Lab_3_V17\\Lab3.AXF" 
No Algorithm found for: 10000000H - 10000287H
Partial Erase Done (areas with no algorithms skipped!)
No Algorithm found for: 10000000H - 10000287H
Partial Programming Done (areas with no algorithms skipped!)
Partial Verify OK (areas with no algorithms skipped!)
